> Task :app:checkKotlinGradlePluginConfigurationErrors SKIPPED
> Task :app:preBuild UP-TO-DATE
> Task :app:preFullDebugBuild UP-TO-DATE
> Task :app:generateFullDebugBuildConfig UP-TO-DATE
> Task :app:checkFullDebugAarMetadata UP-TO-DATE
> Task :app:processFullDebugNavigationResources UP-TO-DATE
> Task :app:compileFullDebugNavigationResources UP-TO-DATE
> Task :app:generateFullDebugResValues UP-TO-DATE
> Task :app:mapFullDebugSourceSetPaths UP-TO-DATE
> Task :app:generateFullDebugResources UP-TO-DATE
> Task :app:mergeFullDebugResources UP-TO-DATE
> Task :app:packageFullDebugResources UP-TO-DATE
> Task :app:parseFullDebugLocalResources UP-TO-DATE
> Task :app:createFullDebugCompatibleScreenManifests UP-TO-DATE
> Task :app:extractDeepLinksFullDebug UP-TO-DATE
> Task :app:processFullDebugMainManifest UP-TO-DATE
> Task :app:processFullDebugManifest UP-TO-DATE
> Task :app:processFullDebugManifestForPackage UP-TO-DATE
> Task :app:processFullDebugResources UP-TO-DATE
> Task :app:kspFullDebugKotlin

> Task :app:compileFullDebugKotlin
w: file:///app/app/src/main/java/com/nuvio/tv/ui/screens/settings/TraktScreen.kt:252:62 'val Icons.Filled.Logout: ImageVector' is deprecated. Use the AutoMirrored version at Icons.AutoMirrored.Filled.Logout.
w: file:///app/app/src/main/java/com/nuvio/tv/ui/screens/settings/TraktScreen.kt:317:62 'val Icons.Filled.Login: ImageVector' is deprecated. Use the AutoMirrored version at Icons.AutoMirrored.Filled.Login.

BUILD SUCCESSFUL in 18s
18 actionable tasks: 2 executed, 16 up-to-date
